// Jest Snapshot v1, https://goo.gl/fbAQLP

exports[`<Home /> should load the component with default values 1`] = `
.c3 {
  height: 100vh;
  width: 100%;
}

.c2 {
  background-color: rgb(255 0 0 / 37%);
  position: absolute;
  width: 100%;
  height: 100%;
  top: 0;
  left: 0;
}

.c0 {
  position: relative;
  display: -webkit-box;
  display: -webkit-flex;
  display: -ms-flexbox;
  display: flex;
  -webkit-align-items: center;
  -webkit-box-align: center;
  -ms-flex-align: center;
  align-items: center;
  -webkit-box-pack: center;
  -webkit-justify-content: center;
  -ms-flex-pack: center;
  justify-content: center;
}

.c1 {
  font-size: max(9vw,3rem);
  font-weight: bold;
  position: absolute;
  z-index: 10;
  color: #ffffff;
  -webkit-user-select: none;
  -moz-user-select: none;
  -ms-user-select: none;
  user-select: none;
}

<div>
  <div
    class="c0"
  >
    <span
      class="c1"
    >
      Rick and Morty
    </span>
    <div
      class="c2"
    />
    <img
      class="c3"
      src="/img/first.jpg"
    />
  </div>
</div>
`;
