// Jest Snapshot v1, https://goo.gl/fbAQLP

exports[`<Card /> should load the component with default values 1`] = `
.c0 {
  display: -webkit-box;
  display: -webkit-flex;
  display: -ms-flexbox;
  display: flex;
  -webkit-flex-direction: column;
  -ms-flex-direction: column;
  flex-direction: column;
  gap: 1rem;
  overflow: hidden;
  border-radius: 0.8rem;
  width: 16rem;
  height: 30rem;
  border: 0.1rem solid #ffffff;
  cursor: pointer;
}

.c1 {
  min-width: 16rem;
  width: 16rem;
}

.c3 {
  color: #ffffff;
  font-size: 1.9rem;
  display: block;
  width: 13rem;
  white-space: nowrap;
  text-overflow: ellipsis;
  overflow: hidden;
}

.c2 {
  padding: 1rem;
  display: -webkit-box;
  display: -webkit-flex;
  display: -ms-flexbox;
  display: flex;
  -webkit-flex-direction: column;
  -ms-flex-direction: column;
  flex-direction: column;
  gap: 1rem;
}

.c4 {
  display: -webkit-box;
  display: -webkit-flex;
  display: -ms-flexbox;
  display: flex;
  -webkit-box-pack: justify;
  -webkit-justify-content: space-between;
  -ms-flex-pack: justify;
  justify-content: space-between;
  -webkit-flex-wrap: wrap;
  -ms-flex-wrap: wrap;
  flex-wrap: wrap;
  gap: 1rem;
}

.c5 {
  font-size: 1rem;
  font-weight: bold;
  background-color: #947F18;
  color: #ffffff;
  padding: 0.4rem 1rem;
  border-radius: 1rem;
  min-width: 45%;
  white-space: nowrap;
  text-overflow: ellipsis;
  overflow: hidden;
}

<div>
  <div
    class="c0"
    role="listitem"
  >
    <img
      class="c1"
      src="https://rickandmortyapi.com/api/character/avatar/14.jpeg"
    />
    <div
      class="c2"
    >
      <span
        class="c3"
      >
        Alien Morty
      </span>
      <div
        class="c4"
      >
        <div
          class="c5"
        >
          Alien
        </div>
        <div
          class="c5"
        >
          Male
        </div>
        <div
          class="c5"
        >
          unknown
        </div>
      </div>
    </div>
  </div>
</div>
`;
