// Jest Snapshot v1, https://goo.gl/fbAQLP

exports[`<CardGrid /> should load the component with default values 1`] = `
.c0 {
  display: -webkit-box;
  display: -webkit-flex;
  display: -ms-flexbox;
  display: flex;
  -webkit-flex-wrap: wrap;
  -ms-flex-wrap: wrap;
  flex-wrap: wrap;
  -webkit-box-pack: center;
  -webkit-justify-content: center;
  -ms-flex-pack: center;
  justify-content: center;
  gap: 1rem;
  padding: 1rem;
}

<div>
  <div
    class="c0"
  >
    test
  </div>
</div>
`;
